[juvenusfuturum.com/juvenus-capital/index.html]
[backblue.gif]
[fade.gif]
[index.html]
[juvenusfuturum.com/wp-includes/js/jquery/jquery.mina7a0.js]
[juvenusfuturum.com/wp-includes/js/jquery/jquery-migrate.mind617.js]
[juvenusfuturum.com/wp-content/plugins/Ultimate_VC_Addons/assets/min-js/ultimate-params.min9322.js]
[juvenusfuturum.com/wp-content/plugins/Ultimate_VC_Addons/assets/min-js/jquery-appear.min9322.js]
[juvenusfuturum.com/wp-content/plugins/Ultimate_VC_Addons/assets/min-js/custom.min9322.js]
[i0.wp.com/juvenusfuturum.com/wp-content/uploads/2021/06/cropped-icono-juvenus-1e43b.png]
[i0.wp.com/juvenusfuturum.com/wp-content/uploads/2021/06/cropped-icono-juvenus-198d8.png]
[i0.wp.com/juvenusfuturum.com/wp-content/uploads/2021/06/cropped-icono-juvenus-1f9b5.png]
[juvenusfuturum.com/wp-content/uploads/2022/07/Logo-nuevo-en-verde.png]
[juvenusfuturum.com/wp-content/uploads/2018/01/background-footer-2db7c.jpg]
[i0.wp.com/juvenusfuturum.com/wp-content/uploads/2022/08/IMAGEN-2ae63.png]
[i0.wp.com/juvenusfuturum.com/wp-content/uploads/2022/08/POR-QUEb2d4.png]
[i0.wp.com/juvenusfuturum.com/wp-content/uploads/2022/08/icono-cabeza-1a526.png]
[i0.wp.com/juvenusfuturum.com/wp-content/uploads/2022/08/icono-nuea526.png]
[i0.wp.com/juvenusfuturum.com/wp-content/uploads/2022/08/estaa526.png]
[i0.wp.com/juvenusfuturum.com/wp-content/uploads/2022/08/CONTa526.png]
[i0.wp.com/juvenusfuturum.com/wp-content/uploads/2022/08/asasasa526.png]
[i0.wp.com/juvenusfuturum.com/wp-content/uploads/2022/08/licena526.png]
[i0.wp.com/juvenusfuturum.com/wp-content/uploads/2022/08/Capital-Bienvenida.pngasasas0fe7.png]
[i0.wp.com/juvenusfuturum.com/wp-content/uploads/2022/07/Logo-nuevo-en-verdeeb45.png]
[juvenusfuturum.com/wp-content/plugins/wordpress-social-login/assets/img/32x32/wpzoom/facebook.png]
[juvenusfuturum.com/wp-content/plugins/wordpress-social-login/assets/img/32x32/wpzoom/google.png]
[juvenusfuturum.com/wp-content/plugins/wordpress-social-login/assets/img/32x32/wpzoom/twitter.png]
[juvenusfuturum.com/wp-content/plugins/creative-mail-by-constant-contact/assets/js/block/submitd382.js]
[juvenusfuturum.com/wp-content/plugins/jetpack/_inc/build/photon/photon.min1c52.js]
[juvenusfuturum.com/wp-content/plugins/contact-form-7/includes/swv/js/indexa78f.js]
[juvenusfuturum.com/wp-content/plugins/contact-form-7/includes/js/indexa78f.js]
[juvenusfuturum.com/wp-content/plugins/essential-real-estate/public/assets/packages/light-gallery/js/lightgallery-all.min8d77.js]
[juvenusfuturum.com/wp-content/plugins/essential-real-estate/public/assets/js/jquery.validate.min2c75.js]
[juvenusfuturum.com/wp-includes/js/imagesloaded.mineda1.js]
[juvenusfuturum.com/wp-content/plugins/essential-real-estate/public/assets/js/infobox.min576c.js]
[juvenusfuturum.com/wp-content/plugins/essential-real-estate/public/assets/packages/owl-carousel/owl.carousel.min531b.js]
[juvenusfuturum.com/wp-includes/js/underscore.mind584.js]
[juvenusfuturum.com/wp-includes/js/wp-util.min6a4d.js]
[juvenusfuturum.com/wp-includes/js/jquery/ui/core.min3f14.js]
[juvenusfuturum.com/wp-includes/js/jquery/ui/mouse.min3f14.js]
[juvenusfuturum.com/wp-includes/js/jquery/ui/slider.min3f14.js]
[juvenusfuturum.com/wp-includes/js/jquery/ui/resizable.min3f14.js]
[juvenusfuturum.com/wp-includes/js/jquery/ui/draggable.min3f14.js]
[juvenusfuturum.com/wp-includes/js/jquery/ui/controlgroup.min3f14.js]
[juvenusfuturum.com/wp-includes/js/jquery/ui/checkboxradio.min3f14.js]
[juvenusfuturum.com/wp-includes/js/jquery/ui/button.min3f14.js]
[juvenusfuturum.com/wp-includes/js/jquery/ui/dialog.min3f14.js]
[juvenusfuturum.com/wp-includes/js/jquery/ui/sortable.min3f14.js]
[juvenusfuturum.com/wp-content/plugins/essential-real-estate/public/assets/packages/jquery-ui/jquery.ui.touch-punch.minf096.js]
[juvenusfuturum.com/wp-content/plugins/essential-real-estate/public/assets/packages/bootstrap/js/bootstrap.bundle.min83b6.js]
[juvenusfuturum.com/wp-content/plugins/essential-real-estate/public/assets/js/ere-main.min8aee.js]
[juvenusfuturum.com/wp-content/plugins/essential-real-estate/public/assets/js/property/ere-compare.min8aee.js]
[juvenusfuturum.com/wp-content/plugins/essential-real-estate/public/assets/js/ere-carousel.min8aee.js]
[juvenusfuturum.com/wp-includes/js/comment-reply.min6a4d.js]
[juvenusfuturum.com/wp-content/themes/benaa/assets/plugins/owl-carousel/owl.carousel.min3c94.js]
[juvenusfuturum.com/wp-content/plugins/js_composer/assets/lib/bower/isotope/dist/isotope.pkgd.mine6df.js]
[juvenusfuturum.com/wp-content/plugins/essential-real-estate/lib/smart-framework/assets/vendors/perfect-scrollbar/js/perfect-scrollbar.mine225.js]
[juvenusfuturum.com/wp-content/themes/benaa/assets/plugins/waypoints/jquery.waypoints.minf39e.js]
[juvenusfuturum.com/wp-content/themes/benaa/assets/plugins/modernizr/modernizr.min3b71.js]
[juvenusfuturum.com/wp-content/themes/benaa/assets/plugins/dialogfx/dialogfx.min8a54.js]
[juvenusfuturum.com/wp-content/themes/benaa/assets/plugins/infinite-scroll/infinite-scroll.pkgd.min7406.js]
[juvenusfuturum.com/wp-content/themes/benaa/assets/plugins/jquery.nav/jquery.nav.min6e0e.js]
[juvenusfuturum.com/wp-content/themes/benaa/assets/plugins/stellar/stellar.min343b.js]
[juvenusfuturum.com/wp-content/themes/benaa/assets/plugins/countdown/countdown.min343b.js]
[juvenusfuturum.com/wp-content/themes/benaa/assets/plugins/matchmedia/matchmedia.minf39e.js]
[juvenusfuturum.com/wp-content/plugins/essential-real-estate/lib/smart-framework/assets/vendors/hc-sticky/hc-sticky.min3cae.js]
[juvenusfuturum.com/wp-content/themes/benaa/assets/js/main6a4d.js]
[juvenusfuturum.com/wp-content/plugins/loftloader/assets/js/loftloader.mina709.js]
[juvenusfuturum.com/wp-content/plugins/mystickyelements/js/jquery.cookie5d0a.js]
[juvenusfuturum.com/wp-content/plugins/mystickyelements/js/mystickyelements-fronted.min5d0a.js]
[juvenusfuturum.com/wp-content/plugins/mystickyelements/intl-tel-input-src/build/js/intlTelInput5d0a.js]
[juvenusfuturum.com/wp-content/plugins/js_composer/assets/js/dist/js_composer_front.mine6df.js]
[juvenusfuturum.com/wp-content/plugins/benaa-framework/shortcodes/space/assets/js/space6a4d.js]
[juvenusfuturum.com/wp-content/plugins/Ultimate_VC_Addons/assets/min-js/ultimate_bg.min9322.js]
[juvenusfuturum.com/wp-content/plugins/js_composer/assets/lib/vc_waypoints/vc-waypoints.mine6df.js]
[juvenusfuturum.com/wp-content/plugins/benaa-framework/core/xmenu/assets/js/app0e03.js]
[juvenusfuturum.com/wp-content/plugins/essential-real-estate/public/assets/js/account/ere-login.min8aee.js]
[juvenusfuturum.com/wp-content/plugins/essential-real-estate/public/assets/js/account/ere-register.min8aee.js]
[juvenusfuturum.com/juvenus-capital/index.html]
[juvenusfuturum.com/wp-includes/css/dist/block-library/style.min6a4d.css]
[stats.wp.com/e-202251.js]
[juvenusfuturum.com/wp-includes/js/mediaelement/mediaelementplayer-legacy.min1f61.css]
[juvenusfuturum.com/wp-includes/js/mediaelement/wp-mediaelement.min6a4d.css]
[juvenusfuturum.com/wp-includes/css/classic-themes.min68b3.css]
[juvenusfuturum.com/wp-content/plugins/benaa-framework/core/xmenu/assets/css/amination6a4d.css]
[juvenusfuturum.com/wp-content/plugins/contact-form-7/includes/css/stylesa78f.css]
[juvenusfuturum.com/wp-content/plugins/cresta-whatsapp-chat/css/cresta-whatsapp-chat-front-css.min077c.css]
[juvenusfuturum.com/wp-content/plugins/wordpress-social-login/assets/css/style6a4d.css]
[juvenusfuturum.com/wp-content/plugins/essential-real-estate/lib/smart-framework/assets/vendors/font-awesome/css/font-awesome.min1849.css]
[juvenusfuturum.com/wp-content/plugins/essential-real-estate/public/assets/packages/jquery-ui/images/ui-bg_highlight-soft_100_eeeeee_1x100.png]
[juvenusfuturum.com/wp-content/plugins/essential-real-estate/public/assets/packages/jquery-ui/images/ui-bg_gloss-wave_35_f6a828_500x100.png]
[juvenusfuturum.com/wp-content/plugins/essential-real-estate/public/assets/packages/jquery-ui/images/ui-bg_glass_100_f6f6f6_1x400.png]
[juvenusfuturum.com/wp-content/plugins/essential-real-estate/public/assets/packages/jquery-ui/images/ui-bg_glass_100_fdf5ce_1x400.png]
[juvenusfuturum.com/wp-content/plugins/essential-real-estate/public/assets/packages/jquery-ui/images/ui-bg_glass_65_ffffff_1x400.png]
[juvenusfuturum.com/wp-content/plugins/essential-real-estate/public/assets/packages/jquery-ui/images/ui-bg_highlight-soft_75_ffe45c_1x100.png]
[juvenusfuturum.com/wp-content/plugins/essential-real-estate/public/assets/packages/jquery-ui/images/ui-bg_diagonals-thick_18_b81900_40x40.png]
[juvenusfuturum.com/wp-content/plugins/essential-real-estate/public/assets/packages/jquery-ui/images/ui-icons_222222_256x240.png]
[juvenusfuturum.com/wp-content/plugins/essential-real-estate/public/assets/packages/jquery-ui/images/ui-icons_ffffff_256x240.png]
[juvenusfuturum.com/wp-content/plugins/essential-real-estate/public/assets/packages/jquery-ui/images/ui-icons_ef8c08_256x240.png]
[juvenusfuturum.com/wp-content/plugins/essential-real-estate/public/assets/packages/jquery-ui/images/ui-icons_228ef1_256x240.png]
[juvenusfuturum.com/wp-content/plugins/essential-real-estate/public/assets/packages/jquery-ui/images/ui-icons_ffd27a_256x240.png]
[juvenusfuturum.com/wp-content/plugins/essential-real-estate/public/assets/packages/jquery-ui/images/ui-bg_diagonals-thick_20_666666_40x40.png]
[juvenusfuturum.com/wp-content/plugins/essential-real-estate/public/assets/packages/jquery-ui/images/ui-bg_flat_10_000000_40x100.png]
[juvenusfuturum.com/wp-content/plugins/essential-real-estate/public/assets/packages/jquery-ui/jquery-ui.mine899.css]
[juvenusfuturum.com/wp-content/plugins/essential-real-estate/public/assets/packages/owl-carousel/assets/owl.video.play.png]
[juvenusfuturum.com/wp-content/plugins/essential-real-estate/public/assets/packages/owl-carousel/assets/owl.carousel.min531b.css]
[juvenusfuturum.com/wp-content/plugins/essential-real-estate/public/assets/packages/light-gallery/img/vimeo-play.png]
[juvenusfuturum.com/wp-content/plugins/essential-real-estate/public/assets/packages/light-gallery/img/video-play.png]
[juvenusfuturum.com/wp-content/plugins/essential-real-estate/public/assets/packages/light-gallery/img/youtube-play.png]
[juvenusfuturum.com/wp-content/plugins/essential-real-estate/public/assets/packages/light-gallery/img/loading.gif]
[juvenusfuturum.com/wp-content/plugins/essential-real-estate/public/assets/packages/light-gallery/css/lightgallery.min8d77.css]
[juvenusfuturum.com/wp-content/plugins/essential-real-estate/public/assets/css/main.min8aee.css]
[juvenusfuturum.com/wp-content/plugins/essential-real-estate/public/assets/packages/bootstrap/css/bootstrap.min83b6.css]
[juvenusfuturum.com/wp-content/plugins/loftloader/assets/css/loftloader.mina709.css]
[juvenusfuturum.com/wp-content/plugins/js_composer/assets/vc/alert.png]
[juvenusfuturum.com/wp-content/plugins/js_composer/assets/vc/info.png]
[juvenusfuturum.com/wp-content/plugins/js_composer/assets/vc/tick.png]
[juvenusfuturum.com/wp-content/plugins/js_composer/assets/vc/exclamation.png]
[juvenusfuturum.com/wp-content/plugins/js_composer/assets/images/icons/address-book.png]
[juvenusfuturum.com/wp-content/plugins/js_composer/assets/images/icons/alarm-clock.png]
[juvenusfuturum.com/wp-content/plugins/js_composer/assets/images/icons/anchor.png]
[juvenusfuturum.com/wp-content/plugins/js_composer/assets/images/icons/application-image.png]
[juvenusfuturum.com/wp-content/plugins/js_composer/assets/images/icons/arrow.png]
[juvenusfuturum.com/wp-content/plugins/js_composer/assets/images/icons/asterisk.png]
[juvenusfuturum.com/wp-content/plugins/js_composer/assets/images/icons/auction-hammer.png]
[juvenusfuturum.com/wp-content/plugins/js_composer/assets/images/icons/balloon.png]
[juvenusfuturum.com/wp-content/plugins/js_composer/assets/images/icons/balloon-buzz.png]
[juvenusfuturum.com/wp-content/plugins/js_composer/assets/images/icons/balloon-facebook.png]
[juvenusfuturum.com/wp-content/plugins/js_composer/assets/images/icons/balloon-twitter.png]
[juvenusfuturum.com/wp-content/plugins/js_composer/assets/images/icons/battery-full.png]
[juvenusfuturum.com/wp-content/plugins/js_composer/assets/images/icons/binocular.png]
[juvenusfuturum.com/wp-content/plugins/js_composer/assets/images/icons/blue-document-excel.png]
[juvenusfuturum.com/wp-content/plugins/js_composer/assets/images/icons/blue-document-image.png]
[juvenusfuturum.com/wp-content/plugins/js_composer/assets/images/icons/blue-document-music.png]
[juvenusfuturum.com/wp-content/plugins/js_composer/assets/images/icons/blue-document-office.png]
[juvenusfuturum.com/wp-content/plugins/js_composer/assets/images/icons/blue-document-pdf.png]
[juvenusfuturum.com/wp-content/plugins/js_composer/assets/images/icons/blue-document-powerpoint.png]
[juvenusfuturum.com/wp-content/plugins/js_composer/assets/images/icons/blue-document-word.png]
[juvenusfuturum.com/wp-content/plugins/js_composer/assets/images/icons/bookmark.png]
[juvenusfuturum.com/wp-content/plugins/js_composer/assets/images/icons/camcorder.png]
[juvenusfuturum.com/wp-content/plugins/js_composer/assets/images/icons/camera.png]
[juvenusfuturum.com/wp-content/plugins/js_composer/assets/images/icons/chart.png]
[juvenusfuturum.com/wp-content/plugins/js_composer/assets/images/icons/chart-pie.png]
[juvenusfuturum.com/wp-content/plugins/js_composer/assets/images/icons/clock.png]
[juvenusfuturum.com/wp-content/plugins/js_composer/assets/images/icons/control.png]
[juvenusfuturum.com/wp-content/plugins/js_composer/assets/images/icons/fire.png]
[juvenusfuturum.com/wp-content/plugins/js_composer/assets/images/icons/heart.png]
[juvenusfuturum.com/wp-content/plugins/js_composer/assets/images/icons/mail.png]
[juvenusfuturum.com/wp-content/plugins/js_composer/assets/images/icons/plus-shield.png]
[juvenusfuturum.com/wp-content/plugins/js_composer/assets/images/icons/video.png]
[juvenusfuturum.com/wp-content/plugins/js_composer/assets/images/toggle_open.png]
[juvenusfuturum.com/wp-content/plugins/js_composer/assets/images/toggle_close.png]
[juvenusfuturum.com/wp-content/plugins/js_composer/assets/images/flickr.png]
[juvenusfuturum.com/wp-content/plugins/js_composer/assets/images/spinner.gif]
[juvenusfuturum.com/wp-content/plugins/js_composer/assets/vc/remove.png]
[juvenusfuturum.com/wp-content/plugins/js_composer/assets/css/js_composer.mine6df.css]
[juvenusfuturum.com/wp-content/themes/benaa/assets/plugins/fonts-awesome/css/font-awesome.min1849.css]
[juvenusfuturum.com/wp-content/themes/benaa/assets/plugins/fonts-awesome/css/font-awesome-animation.min6a4d.css]
[juvenusfuturum.com/wp-content/themes/benaa/assets/plugins/icomoon/css/icomoon6a4d.css]
[juvenusfuturum.com/wp-content/themes/benaa/assets/plugins/owl-carousel/assets/owl.video.play.png]
[juvenusfuturum.com/wp-content/themes/benaa/assets/plugins/owl-carousel/assets/owl.carousel.min3c94.css]
[juvenusfuturum.com/wp-content/themes/benaa/assets/plugins/light-gallery/img/vimeo-play.png]
[juvenusfuturum.com/wp-content/themes/benaa/assets/plugins/light-gallery/img/video-play.png]
[juvenusfuturum.com/wp-content/themes/benaa/assets/plugins/light-gallery/img/youtube-play.png]
[juvenusfuturum.com/wp-content/themes/benaa/assets/plugins/light-gallery/css/lightgallery.min6a4d.css]
[juvenusfuturum.com/wp-content/themes/benaa/assets/plugins/light-gallery/img/loading.gif]
[juvenusfuturum.com/wp-content/themes/benaa/assets/plugins/perfect-scrollbar/css/perfect-scrollbar.min6a4d.css]
[juvenusfuturum.com/wp-content/themes/benaa/assets/images/icon-dropdown-3.png]
[juvenusfuturum.com/wp-content/themes/benaa/assets/images/preset-bg.jpg]
[juvenusfuturum.com/wp-content/themes/benaa/assets/images/close.png]
[juvenusfuturum.com/wp-content/themes/benaa/assets/images/icon-dropdown-2.png]
[juvenusfuturum.com/wp-content/themes/benaa/assets/preset/4305.style.min6a4d.css]
[juvenusfuturum.com/wp-content/uploads/smile_fonts/Defaults/Defaults21ea.eot]
[juvenusfuturum.com/wp-content/uploads/smile_fonts/Defaults/Defaultsd41d.eot]
[juvenusfuturum.com/wp-content/uploads/smile_fonts/Defaults/Defaults21ea.woff]
[juvenusfuturum.com/wp-content/uploads/smile_fonts/Defaults/Defaults21ea.ttf]
[juvenusfuturum.com/wp-content/uploads/smile_fonts/Defaults/Defaults9322.css]
[juvenusfuturum.com/wp-content/plugins/Ultimate_VC_Addons/assets/min-css/style.min9322.css]
[juvenusfuturum.com/wp-content/plugins/Ultimate_VC_Addons/assets/min-css/animate.min9322.css]
[juvenusfuturum.com/wp-content/plugins/Ultimate_VC_Addons/assets/min-css/tooltip.min9322.css]
[juvenusfuturum.com/wp-content/plugins/benaa-framework/assets/css/frontend6a4d.css]
[juvenusfuturum.com/wp-content/plugins/mystickyelements/css/font-awesome.min5d0a.css]
[juvenusfuturum.com/wp-content/plugins/mystickyelements/intl-tel-input-src/build/img/flags.png]
[juvenusfuturum.com/wp-content/plugins/mystickyelements/css/mystickyelements-front.min5d0a.css]
[juvenusfuturum.com/wp-content/plugins/mystickyelements/intl-tel-input-src/build/img/flags@2x.png]
[juvenusfuturum.com/wp-content/plugins/mystickyelements/intl-tel-input-src/build/css/intlTelInput5d0a.css]
[juvenusfuturum.com/wp-content/plugins/jetpack/modules/shortcodes/img/slideshow-controls.png]
[juvenusfuturum.com/wp-content/plugins/jetpack/modules/shortcodes/img/slideshow-controls-2x.png]
[juvenusfuturum.com/wp-content/plugins/jetpack/modules/shortcodes/images/slide-nav.png]
[juvenusfuturum.com/wp-content/plugins/jetpack/modules/shortcodes/images/expand.png]
[juvenusfuturum.com/wp-content/plugins/jetpack/modules/shortcodes/images/collapse.png]
[secure.gravatar.com/images/grav-share-sprite.png]
[juvenusfuturum.com/wp-content/plugins/jetpack/css/jetpacke528.css]
[grupoblindado.com/juvenus/wp-content/themes/benaa/assets/preset/boot-dev.html]
[juvenusfuturum.com/wp-content/plugins/Ultimate_VC_Addons/assets/min-css/background-style.min9322.css]
[juvenusfuturum.com/wp-content/plugins/js_composer/assets/lib/bower/animate-css/animate.mine6df.css]
[juvenusfuturum.com/wp-includes/js/mediaelement/mejs-controls.svg]
[juvenusfuturum.com/wp-content/themes/benaa/assets/images/preset-bg.html]
[juvenusfuturum.com/wp-content/uploads/smile_fonts/Defaults/Defaults21ea.svg]
